         1          1          1       3.05       6100
         1          1          2       3.05       6100
         1          1          3       3.05       6100
         1          1          4       3.05       6100
         1          1          5       3.05       6100
         1          1          6       3.05       6100
         1          1          7       3.05       6100
         1          1          8       3.05       6100
         1          1          9       3.05       6100
         1          1         10       3.05       6100
         1          1         11       3.05       6100
         1          1         12       3.05       6100
         1          1         13       3.05       6100
         1          1         14       3.05       6100
         1          1         15       3.05       6100
         1          1         16       3.05       6100
         1          1         17       3.05       6100
         1          1         18       3.05       6100
         1          1         19       3.05       6100
         1          1         20       3.05       6100
         1          1         21       3.05       6100
         1          1         22       3.05       6100
         1          1         23       3.05       6100
         1          1         24       3.05       6100
         1          1         25       3.05       6100
         1          1         26       3.05       6100
         1          1         27       3.05       6100
         1          1         28       3.05       6100
         1          1         29       3.05       6100
         1          1         30       3.05       6100
         1          1         31       3.05       6100
         1          1         32       3.05       6100
         1          1         33       3.05       6100
         1          1         34       3.05       6100
         1          1         35       3.05       6100
         1          1         36       3.05       6100
         1          1         37       3.05       6100
         1          1         38       3.05       6100
         1          1         39       3.05       6100
         1          1         40       3.05       6100
         1          1         41       3.05       6100
         1          1         42       3.05       6100
         1          1         43       3.05       6100
         1          1         44       3.05       6100
         1          1         45       3.05       6100
         1          1         46       3.05       6100
         1          1         47       3.05       6100
         1          1         48       3.05       6100
         1          1         49       3.05       6100
         1          1         50       3.05       6100
         1          1         51       3.05       6100
         1          1         52       3.05       6100
         1          1         53       3.05       6100
         1          1         54       3.05       6100
         1          1         55       3.05       6100
         1          1         56       3.05       6100
         1          1         57       3.05       6100
         1          1         58       3.05       6100
         1          1         59       3.05       6100
         1          1         60       3.05       6100
         1          1         61       3.05       6100
         1          1         62       3.05       6100
         1          1         63       3.05       6100
         1          1         64       3.05       6100
         1          1         65       3.05       6100
         1          1         66       3.05       6100
         1          1         67       3.05       6100
         1          1         68       3.05       6100
         1          1         69       3.05       6100
         1          1         70       3.05       6100
         1          1         71       3.05       6100
         1          1         72       3.05       6100
         1          1         73       3.05       6100
         1          1         74       3.05       6100
         1          1         75       3.05       6100
         1          1         76       3.05       6100
         1          1         77       3.05       6100
         1          1         78       3.05       6100
         1          1         79       3.05       6100
         1          1         80       3.05       6100
         1          1         81       3.05       6100
         1          1         82       3.05       6100
         1          1         83       3.05       6100
         1          1         84       3.05       6100
         1          1         85       3.05       6100
         1          1         86       3.05       6100
         1          1         87       3.05       6100
         1          1         88       3.05       6100
         1          1         89       3.05       6100
         1          1         90       3.05       6100
         1          1         91       3.05       6100
         1          1         92       3.05       6100
         1          1         93       3.05       6100
         1          1         94       3.05       6100
         1          1         95       3.05       6100
         1          1         96       3.05       6100
         1          1         97       3.05       6100
         1          1         98       3.05       6100
         1          1         99       3.05       6100
         1          1        100       3.05       6100
         1          1        101       3.05       6100
         1          1        102       3.05       6100
         1          1        103       3.05       6100
         1          1        104       3.05       6100
         1          1        105       3.05       6100
         1          1        106       3.05       6100
         1          1        107       3.05       6100
         1          1        108       3.05       6100
         1          1        109       3.05       6100
         1          1        110       3.05       6100
         1          1        111       3.05       6100
         1          1        112       3.05       6100
         1          1        113       3.05       6100
         1          1        114       3.05       6100
         1          1        115       3.05       6100
         1          1        116       3.05       6100
         1          1        117       3.05       6100
         1          1        118       3.05       6100
         1          1        119       3.05       6100
         1          1        120       3.05       6100
         1          1        121       3.05       6100
         1          1        122       3.05       6100
         1          1        123       3.05       6100
         1          1        124       3.05       6100
         1          1        125       3.05       6100
         1          1        126       3.05       6100
         1          1        127       3.05       6100
         1          1        128       3.05       6100
         1          1        129       3.05       6100
         1          1        130       3.05       6100
         1          1        131       3.05       6100
         1          1        132       3.05       6100
         1          1        133       3.05       6100
         1          1        134       3.05       6100
         1          1        135       3.05       6100
         1          1        136       3.05       6100
         1          1        137       3.05       6100
         1          1        138       3.05       6100
         1          1        139       3.05       6100
         1          1        140       3.05       6100
         1          1        141       3.05       6100
         1          1        142       3.05       6100
         1          1        143       3.05       6100
         1          1        144       3.05       6100
         1          1        145       3.05       6100
         1          1        146       3.05       6100
         1          1        147       3.05       6100
         1          1        148       3.05       6100
         1          1        149       3.05       6100
         1          1        150       3.05       6100
         1          1        151       3.05       6100
         1          2          1       3.05       6100
         1          2        151       3.05       6100
         1          3          1       3.05       6100
         1          3        151       3.05       6100
         1          4          1       3.05       6100
         1          4        151       3.05       6100
         1          5          1       3.05       6100
         1          5        151       3.05       6100
         1          6          1       3.05       6100
         1          6        151       3.05       6100
         1          7          1       3.05       6100
         1          7        151       3.05       6100
         1          8          1       3.05       6100
         1          8        151       3.05       6100
         1          9          1       3.05       6100
         1          9        151       3.05       6100
         1         10          1       3.05       6100
         1         10        151       3.05       6100
         1         11          1       3.05       6100
         1         11        151       3.05       6100
         1         12          1       3.05       6100
         1         12        151       3.05       6100
         1         13          1       3.05       6100
         1         13        151       3.05       6100
         1         14          1       3.05       6100
         1         14        151       3.05       6100
         1         15          1       3.05       6100
         1         15        151       3.05       6100
         1         16          1       3.05       6100
         1         16        151       3.05       6100
         1         17          1       3.05       6100
         1         17        151       3.05       6100
         1         18          1       3.05       6100
         1         18        151       3.05       6100
         1         19          1       3.05       6100
         1         19        151       3.05       6100
         1         20          1       3.05       6100
         1         20        151       3.05       6100
         1         21          1       3.05       6100
         1         21        151       3.05       6100
         1         22          1       3.05       6100
         1         22        151       3.05       6100
         1         23          1       3.05       6100
         1         23        151       3.05       6100
         1         24          1       3.05       6100
         1         24        151       3.05       6100
         1         25          1       3.05       6100
         1         25        151       3.05       6100
         1         26          1       3.05       6100
         1         26        151       3.05       6100
         1         27          1       3.05       6100
         1         27        151       3.05       6100
         1         28          1       3.05       6100
         1         28        151       3.05       6100
         1         29          1       3.05       6100
         1         29        151       3.05       6100
         1         30          1       3.05       6100
         1         30        151       3.05       6100
         1         31          1       3.05       6100
         1         31        151       3.05       6100
         1         32          1       3.05       6100
         1         32        151       3.05       6100
         1         33          1       3.05       6100
         1         33        151       3.05       6100
         1         34          1       3.05       6100
         1         34        151       3.05       6100
         1         35          1       3.05       6100
         1         35        151       3.05       6100
         1         36          1       3.05       6100
         1         36        151       3.05       6100
         1         37          1       3.05       6100
         1         37        151       3.05       6100
         1         38          1       3.05       6100
         1         38        151       3.05       6100
         1         39          1       3.05       6100
         1         39        151       3.05       6100
         1         40          1       3.05       6100
         1         40        151       3.05       6100
         1         41          1       3.05       6100
         1         41        151       3.05       6100
         1         42          1       3.05       6100
         1         42        151       3.05       6100
         1         43          1       3.05       6100
         1         43        151       3.05       6100
         1         44          1       3.05       6100
         1         44        151       3.05       6100
         1         45          1       3.05       6100
         1         45        151       3.05       6100
         1         46          1       3.05       6100
         1         46        151       3.05       6100
         1         47          1       3.05       6100
         1         47        151       3.05       6100
         1         48          1       3.05       6100
         1         48        151       3.05       6100
         1         49          1       3.05       6100
         1         49        151       3.05       6100
         1         50          1       3.05       6100
         1         50        151       3.05       6100
         1         51          1       3.05       6100
         1         51        151       3.05       6100
         1         52          1       3.05       6100
         1         52        151       3.05       6100
         1         53          1       3.05       6100
         1         53        151       3.05       6100
         1         54          1       3.05       6100
         1         54        151       3.05       6100
         1         55          1       3.05       6100
         1         55        151       3.05       6100
         1         56          1       3.05       6100
         1         56        151       3.05       6100
         1         57          1       3.05       6100
         1         57        151       3.05       6100
         1         58          1       3.05       6100
         1         58        151       3.05       6100
         1         59          1       3.05       6100
         1         59        151       3.05       6100
         1         60          1       3.05       6100
         1         60        151       3.05       6100
         1         61          1       3.05       6100
         1         61        151       3.05       6100
         1         62          1       3.05       6100
         1         62        151       3.05       6100
         1         63          1       3.05       6100
         1         63        151       3.05       6100
         1         64          1       3.05       6100
         1         64        151       3.05       6100
         1         65          1       3.05       6100
         1         65        151       3.05       6100
         1         66          1       3.05       6100
         1         66        151       3.05       6100
         1         67          1       3.05       6100
         1         67        151       3.05       6100
         1         68          1       3.05       6100
         1         68        151       3.05       6100
         1         69          1       3.05       6100
         1         69        151       3.05       6100
         1         70          1       3.05       6100
         1         70        151       3.05       6100
         1         71          1       3.05       6100
         1         71        151       3.05       6100
         1         72          1       3.05       6100
         1         72        151       3.05       6100
         1         73          1       3.05       6100
         1         73        151       3.05       6100
         1         74          1       3.05       6100
         1         74        151       3.05       6100
         1         75          1       3.05       6100
         1         75        151       3.05       6100
         1         76          1       3.05       6100
         1         76        151       3.05       6100
         1         77          1       3.05       6100
         1         77        151       3.05       6100
         1         78          1       3.05       6100
         1         78        151       3.05       6100
         1         79          1       3.05       6100
         1         79        151       3.05       6100
         1         80          1       3.05       6100
         1         80        151       3.05       6100
         1         81          1       3.05       6100
         1         81        151       3.05       6100
         1         82          1       3.05       6100
         1         82        151       3.05       6100
         1         83          1       3.05       6100
         1         83        151       3.05       6100
         1         84          1       3.05       6100
         1         84        151       3.05       6100
         1         85          1       3.05       6100
         1         85        151       3.05       6100
         1         86          1       3.05       6100
         1         86        151       3.05       6100
         1         87          1       3.05       6100
         1         87        151       3.05       6100
         1         88          1       3.05       6100
         1         88        151       3.05       6100
         1         89          1       3.05       6100
         1         89        151       3.05       6100
         1         90          1       3.05       6100
         1         90        151       3.05       6100
         1         91          1       3.05       6100
         1         91        151       3.05       6100
         1         92          1       3.05       6100
         1         92        151       3.05       6100
         1         93          1       3.05       6100
         1         93        151       3.05       6100
         1         94          1       3.05       6100
         1         94        151       3.05       6100
         1         95          1       3.05       6100
         1         95        151       3.05       6100
         1         96          1       3.05       6100
         1         96        151       3.05       6100
         1         97          1       3.05       6100
         1         97        151       3.05       6100
         1         98          1       3.05       6100
         1         98        151       3.05       6100
         1         99          1       3.05       6100
         1         99        151       3.05       6100
         1        100          1       3.05       6100
         1        100        151       3.05       6100
         1        101          1       3.05       6100
         1        101        151       3.05       6100
         1        102          1       3.05       6100
         1        102        151       3.05       6100
         1        103          1       3.05       6100
         1        103        151       3.05       6100
         1        104          1       3.05       6100
         1        104        151       3.05       6100
         1        105          1       3.05       6100
         1        105        151       3.05       6100
         1        106          1       3.05       6100
         1        106        151       3.05       6100
         1        107          1       3.05       6100
         1        107        151       3.05       6100
         1        108          1       3.05       6100
         1        108        151       3.05       6100
         1        109          1       3.05       6100
         1        109        151       3.05       6100
         1        110          1       3.05       6100
         1        110        151       3.05       6100
         1        111          1       3.05       6100
         1        111        151       3.05       6100
         1        112          1       3.05       6100
         1        112        151       3.05       6100
         1        113          1       3.05       6100
         1        113        151       3.05       6100
         1        114          1       3.05       6100
         1        114        151       3.05       6100
         1        115          1       3.05       6100
         1        115        151       3.05       6100
         1        116          1       3.05       6100
         1        116        151       3.05       6100
         1        117          1       3.05       6100
         1        117        151       3.05       6100
         1        118          1       3.05       6100
         1        118        151       3.05       6100
         1        119          1       3.05       6100
         1        119        151       3.05       6100
         1        120          1       3.05       6100
         1        120        151       3.05       6100
         1        121          1       3.05       6100
         1        121        151       3.05       6100
         1        122          1       3.05       6100
         1        122        151       3.05       6100
         1        123          1       3.05       6100
         1        123        151       3.05       6100
         1        124          1       3.05       6100
         1        124        151       3.05       6100
         1        125          1       3.05       6100
         1        125        151       3.05       6100
         1        126          1       3.05       6100
         1        126        151       3.05       6100
         1        127          1       3.05       6100
         1        127        151       3.05       6100
         1        128          1       3.05       6100
         1        128        151       3.05       6100
         1        129          1       3.05       6100
         1        129        151       3.05       6100
         1        130          1       3.05       6100
         1        130        151       3.05       6100
         1        131          1       3.05       6100
         1        131        151       3.05       6100
         1        132          1       3.05       6100
         1        132        151       3.05       6100
         1        133          1       3.05       6100
         1        133        151       3.05       6100
         1        134          1       3.05       6100
         1        134        151       3.05       6100
         1        135          1       3.05       6100
         1        135        151       3.05       6100
         1        136          1       3.05       6100
         1        136        151       3.05       6100
         1        137          1       3.05       6100
         1        137        151       3.05       6100
         1        138          1       3.05       6100
         1        138        151       3.05       6100
         1        139          1       3.05       6100
         1        139        151       3.05       6100
         1        140          1       3.05       6100
         1        140        151       3.05       6100
         1        141          1       3.05       6100
         1        141        151       3.05       6100
         1        142          1       3.05       6100
         1        142        151       3.05       6100
         1        143          1       3.05       6100
         1        143        151       3.05       6100
         1        144          1       3.05       6100
         1        144        151       3.05       6100
         1        145          1       3.05       6100
         1        145        151       3.05       6100
         1        146          1       3.05       6100
         1        146        151       3.05       6100
         1        147          1       3.05       6100
         1        147        151       3.05       6100
         1        148          1       3.05       6100
         1        148        151       3.05       6100
         1        149          1       3.05       6100
         1        149        151       3.05       6100
         1        150          1       3.05       6100
         1        150        151       3.05       6100
         1        151          1       3.05       6100
         1        151          2       3.05       6100
         1        151          3       3.05       6100
         1        151          4       3.05       6100
         1        151          5       3.05       6100
         1        151          6       3.05       6100
         1        151          7       3.05       6100
         1        151          8       3.05       6100
         1        151          9       3.05       6100
         1        151         10       3.05       6100
         1        151         11       3.05       6100
         1        151         12       3.05       6100
         1        151         13       3.05       6100
         1        151         14       3.05       6100
         1        151         15       3.05       6100
         1        151         16       3.05       6100
         1        151         17       3.05       6100
         1        151         18       3.05       6100
         1        151         19       3.05       6100
         1        151         20       3.05       6100
         1        151         21       3.05       6100
         1        151         22       3.05       6100
         1        151         23       3.05       6100
         1        151         24       3.05       6100
         1        151         25       3.05       6100
         1        151         26       3.05       6100
         1        151         27       3.05       6100
         1        151         28       3.05       6100
         1        151         29       3.05       6100
         1        151         30       3.05       6100
         1        151         31       3.05       6100
         1        151         32       3.05       6100
         1        151         33       3.05       6100
         1        151         34       3.05       6100
         1        151         35       3.05       6100
         1        151         36       3.05       6100
         1        151         37       3.05       6100
         1        151         38       3.05       6100
         1        151         39       3.05       6100
         1        151         40       3.05       6100
         1        151         41       3.05       6100
         1        151         42       3.05       6100
         1        151         43       3.05       6100
         1        151         44       3.05       6100
         1        151         45       3.05       6100
         1        151         46       3.05       6100
         1        151         47       3.05       6100
         1        151         48       3.05       6100
         1        151         49       3.05       6100
         1        151         50       3.05       6100
         1        151         51       3.05       6100
         1        151         52       3.05       6100
         1        151         53       3.05       6100
         1        151         54       3.05       6100
         1        151         55       3.05       6100
         1        151         56       3.05       6100
         1        151         57       3.05       6100
         1        151         58       3.05       6100
         1        151         59       3.05       6100
         1        151         60       3.05       6100
         1        151         61       3.05       6100
         1        151         62       3.05       6100
         1        151         63       3.05       6100
         1        151         64       3.05       6100
         1        151         65       3.05       6100
         1        151         66       3.05       6100
         1        151         67       3.05       6100
         1        151         68       3.05       6100
         1        151         69       3.05       6100
         1        151         70       3.05       6100
         1        151         71       3.05       6100
         1        151         72       3.05       6100
         1        151         73       3.05       6100
         1        151         74       3.05       6100
         1        151         75       3.05       6100
         1        151         76       3.05       6100
         1        151         77       3.05       6100
         1        151         78       3.05       6100
         1        151         79       3.05       6100
         1        151         80       3.05       6100
         1        151         81       3.05       6100
         1        151         82       3.05       6100
         1        151         83       3.05       6100
         1        151         84       3.05       6100
         1        151         85       3.05       6100
         1        151         86       3.05       6100
         1        151         87       3.05       6100
         1        151         88       3.05       6100
         1        151         89       3.05       6100
         1        151         90       3.05       6100
         1        151         91       3.05       6100
         1        151         92       3.05       6100
         1        151         93       3.05       6100
         1        151         94       3.05       6100
         1        151         95       3.05       6100
         1        151         96       3.05       6100
         1        151         97       3.05       6100
         1        151         98       3.05       6100
         1        151         99       3.05       6100
         1        151        100       3.05       6100
         1        151        101       3.05       6100
         1        151        102       3.05       6100
         1        151        103       3.05       6100
         1        151        104       3.05       6100
         1        151        105       3.05       6100
         1        151        106       3.05       6100
         1        151        107       3.05       6100
         1        151        108       3.05       6100
         1        151        109       3.05       6100
         1        151        110       3.05       6100
         1        151        111       3.05       6100
         1        151        112       3.05       6100
         1        151        113       3.05       6100
         1        151        114       3.05       6100
         1        151        115       3.05       6100
         1        151        116       3.05       6100
         1        151        117       3.05       6100
         1        151        118       3.05       6100
         1        151        119       3.05       6100
         1        151        120       3.05       6100
         1        151        121       3.05       6100
         1        151        122       3.05       6100
         1        151        123       3.05       6100
         1        151        124       3.05       6100
         1        151        125       3.05       6100
         1        151        126       3.05       6100
         1        151        127       3.05       6100
         1        151        128       3.05       6100
         1        151        129       3.05       6100
         1        151        130       3.05       6100
         1        151        131       3.05       6100
         1        151        132       3.05       6100
         1        151        133       3.05       6100
         1        151        134       3.05       6100
         1        151        135       3.05       6100
         1        151        136       3.05       6100
         1        151        137       3.05       6100
         1        151        138       3.05       6100
         1        151        139       3.05       6100
         1        151        140       3.05       6100
         1        151        141       3.05       6100
         1        151        142       3.05       6100
         1        151        143       3.05       6100
         1        151        144       3.05       6100
         1        151        145       3.05       6100
         1        151        146       3.05       6100
         1        151        147       3.05       6100
         1        151        148       3.05       6100
         1        151        149       3.05       6100
         1        151        150       3.05       6100
         1        151        151       3.05       6100
