#       L1        R1        C1       L2         R2        C2    HYDCHR
         1        10        14        1         10        15      4E-7
         1        10        13        1         10        14      4E-7
         1        10        14        1         11        14      4E-7
         1         9        14        1         10        14      4E-7
         5         6        12        5          6        13      8E-8
         5         6        11        5          6        12      8E-8
         5         6        12        5          7        12      8E-8
         5         5        12        5          6        12      8E-8
